******************************************************************************
                  TI ARM Linker PC v20.2.7                     
******************************************************************************
>> Linked Tue Nov  5 21:06:46 2024

OUTPUT FILE NAME:   <EGEC_558B_Project.out>
ENTRY POINT SYMBOL: "_c_int00_noargs"  address: 00002dbd


MEMORY CONFIGURATION

         name            origin    length      used     unused   attr    fill
----------------------  --------  ---------  --------  --------  ----  --------
  FLASH                 00000000   00040000  000031dd  0003ce23  R  X
  SRAM                  20000000   00008000  000005e0  00007a20  RW X


SEGMENT ALLOCATION MAP

run origin  load origin   length   init length attrs members
----------  ----------- ---------- ----------- ----- -------
00000000    00000000    000031e0   000031e0    r-x
  00000000    00000000    0000026c   0000026c    r-- .intvecs
  0000026c    0000026c    00002dd8   00002dd8    r-x .text
  00003044    00003044    00000101   00000101    r-- .const
  00003148    00003148    00000098   00000098    r-- .cinit
20000000    20000000    000005e8   00000000    rw-
  20000000    20000000    00000204   00000000    rw- .data
  20000208    20000208    00000200   00000000    rw- .stack
  20000408    20000408    000001cc   00000000    rw- .bss
  200005d8    200005d8    00000010   00000000    rw- .sysmem


SECTION ALLOCATION MAP

 output                                  attributes/
section   page    origin      length       input sections
--------  ----  ----------  ----------   ----------------
.intvecs   0    00000000    0000026c     
                  00000000    0000026c     tm4c123gh6pm_startup_ccs.obj (.intvecs)

.text      0    0000026c    00002dd8     
                  0000026c    00000a4e     rtsv7M4_T_le_v4SPD16_eabi.lib : _printfi.c.obj (.text:__TI_printfi)
                  00000cba    00000002                                   : _lock.c.obj (.text:_nop)
                  00000cbc    00000350     main.obj (.text)
                  0000100c    00000270     rtsv7M4_T_le_v4SPD16_eabi.lib : _printfi.c.obj (.text:_pconv_a)
                  0000127c    000001d0                                   : _printfi.c.obj (.text:_pconv_g)
                  0000144c    000001b6                                   : fd_add_t2.asm.obj (.text)
                  00001602    00000002                                   : div0.asm.obj (.text)
                  00001604    0000013c                                   : _printfi.c.obj (.text:_pconv_e)
                  00001740    00000136                                   : fd_div_t2.asm.obj (.text)
                  00001876    00000002     --HOLE-- [fill = 0]
                  00001878    00000124                                   : _printfi.c.obj (.text:fcvt)
                  0000199c    00000114                                   : fputs.c.obj (.text:fputs)
                  00001ab0    00000110                                   : s_scalbn.c.obj (.text:scalbn)
                  00001bc0    00000100                                   : memory.c.obj (.text:aligned_alloc)
                  00001cc0    000000fc                                   : fd_mul_t2.asm.obj (.text)
                  00001dbc    000000e4                                   : memory.c.obj (.text:free)
                  00001ea0    000000dc                                   : setvbuf.c.obj (.text:setvbuf)
                  00001f7c    000000b1                                   : _printfi.c.obj (.text:_ltostr)
                  0000202d    00000001     --HOLE-- [fill = 0]
                  0000202e    0000009c                                   : memcpy_t2.asm.obj (.text)
                  000020ca    00000096                                   : ull_div_t2.asm.obj (.text)
                  00002160    0000008c                                   : fputc.c.obj (.text:fputc)
                  000021ec    00000086                                   : fd_cmp_t2.asm.obj (.text:__aeabi_cdcmple)
                  00002272    00000086                                   : fd_cmp_t2.asm.obj (.text:__aeabi_cdrcmple)
                  000022f8    0000007a                                   : memset_t2.asm.obj (.text)
                  00002372    00000002     --HOLE-- [fill = 0]
                  00002374    00000074                                   : fclose.c.obj (.text:__TI_closefile)
                  000023e8    00000070                                   : memory.c.obj (.text:split)
                  00002458    0000006e                                   : _printfi.c.obj (.text:_mcpy)
                  000024c6    0000006e                                   : fd_tos_t2.asm.obj (.text)
                  00002534    0000006c                                   : hostrename.c.obj (.text:HOSTrename)
                  000025a0    00000068                                   : hostlseek.c.obj (.text:HOSTlseek)
                  00002608    00000068                                   : copy_decompress_lzss.c.obj (.text:decompress:lzss:__TI_decompress_lzss)
                  00002670    00000068                                   : printf.c.obj (.text:printf)
                  000026d8    00000064                                   : s_frexp.c.obj (.text:frexp)
                  0000273c    00000064                                   : fseek.c.obj (.text:fseek)
                  000027a0    00000062                                   : _io_perm.c.obj (.text:__TI_wrt_ok)
                  00002802    00000002     --HOLE-- [fill = 0]
                  00002804    00000060                                   : hostopen.c.obj (.text:HOSTopen)
                  00002864    0000005c                                   : close.c.obj (.text:close)
                  000028c0    00000058                                   : hostread.c.obj (.text:HOSTread)
                  00002918    00000058                                   : hostwrite.c.obj (.text:HOSTwrite)
                  00002970    00000056                                   : _printfi.c.obj (.text:_pconv_f)
                  000029c6    00000054                                   : _ltoa.c.obj (.text:__TI_ltoa)
                  00002a1a    00000052                                   : _printfi.c.obj (.text:_ecpy)
                  00002a6c    0000004c                                   : fflush.c.obj (.text:__TI_doflush)
                  00002ab8    0000004c                                   : atoi.c.obj (.text:atoi)
                  00002b04    00000048                                   : exit.c.obj (.text:exit)
                  00002b4c    00000048                                   : fd_toi_t2.asm.obj (.text)
                  00002b94    00000044                                   : hostclose.c.obj (.text:HOSTclose)
                  00002bd8    00000044                                   : hostunlink.c.obj (.text:HOSTunlink)
                  00002c1c    00000044                                   : autoinit.c.obj (.text:__TI_auto_init_nobinit_nopinit:__TI_auto_init_nobinit_nopinit)
                  00002c60    00000044                                   : getdevice.c.obj (.text:getdevice)
                  00002ca4    0000003e                                   : _printfi.c.obj (.text:_fcpy)
                  00002ce2    00000002     --HOLE-- [fill = 0]
                  00002ce4    00000038                                   : trgmsg.c.obj (.text:__TI_writemsg)
                  00002d1c    00000036                                   : strncpy.c.obj (.text:strncpy)
                  00002d52    00000002     --HOLE-- [fill = 0]
                  00002d54    00000034                                   : fopen.c.obj (.text:__TI_cleanup)
                  00002d88    00000034                                   : trgmsg.c.obj (.text:__TI_readmsg)
                  00002dbc    00000034                                   : boot_cortex_m.c.obj (.text:_c_int00_noargs:_c_int00_noargs)
                  00002df0    00000030                                   : getdevice.c.obj (.text:finddevice)
                  00002e20    0000002e                                   : i_tofd_t2.asm.obj (.text)
                  00002e4e    00000002     --HOLE-- [fill = 0]
                  00002e50    0000002c                                   : unlink.c.obj (.text:unlink)
                  00002e7c    00000028                                   : memory.c.obj (.text:free_list_insert)
                  00002ea4    00000028                                   : lseek.c.obj (.text:lseek)
                  00002ecc    00000028                                   : write.c.obj (.text:write)
                  00002ef4    00000020                                   : memchr.c.obj (.text:memchr)
                  00002f14    00000020                                   : u_tofd_t2.asm.obj (.text)
                  00002f34    0000001c                                   : copy_zero_init.c.obj (.text:decompress:ZI:__TI_zero_init_nomemset:__TI_zero_init_nomemset)
                  00002f50    0000001c                                   : memory.c.obj (.text:free_list_remove)
                  00002f6c    0000001c                                   : memccpy.c.obj (.text:memccpy)
                  00002f88    0000001a                                   : s_copysign.c.obj (.text:copysign)
                  00002fa2    00000018                                   : strcmp.c.obj (.text:strcmp)
                  00002fba    00000016                                   : strchr.c.obj (.text:strchr)
                  00002fd0    00000014                                   : strcpy.c.obj (.text:strcpy)
                  00002fe4    00000014                                   : strlen.c.obj (.text:strlen)
                  00002ff8    00000012                                   : wcslen.c.obj (.text:wcslen)
                  0000300a    0000000e                                   : copy_decompress_none.c.obj (.text:decompress:none:__TI_decompress_none)
                  00003018    0000000c     tm4c123gh6pm_startup_ccs.obj (.text)
                  00003024    00000008     rtsv7M4_T_le_v4SPD16_eabi.lib : errno.c.obj (.text:__aeabi_errno_addr)
                  0000302c    00000008                                   : memory.c.obj (.text:malloc)
                  00003034    00000004                                   : printf.c.obj (.text:_outc)
                  00003038    00000004                                   : printf.c.obj (.text:_outs)
                  0000303c    00000004                                   : pre_init.c.obj (.text:_system_pre_init)
                  00003040    00000004                                   : exit.c.obj (.text:abort:abort)

.const     0    00003044    00000101     
                  00003044    00000101     rtsv7M4_T_le_v4SPD16_eabi.lib : ctype.c.obj (.const:.string:_ctypes_)

.cinit     0    00003148    00000098     
                  00003148    0000006f     (.cinit..data.load) [load image, compression = lzss]
                  000031b7    00000001     --HOLE-- [fill = 0]
                  000031b8    0000000c     (__TI_handler_table)
                  000031c4    00000004     --HOLE-- [fill = 0]
                  000031c8    00000008     (.cinit..bss.load) [load image, compression = zero_init]
                  000031d0    00000010     (__TI_cinit_table)

.init_array 
*          0    00000000    00000000     UNINITIALIZED

.data      0    20000000    00000204     UNINITIALIZED
                  20000000    000000f0     rtsv7M4_T_le_v4SPD16_eabi.lib : defs.c.obj (.data:_ftable)
                  200000f0    00000078                                   : host_device.c.obj (.data:_device)
                  20000168    00000050                                   : host_device.c.obj (.data:_stream)
                  200001b8    0000001c     main.obj (.data)
                  200001d4    00000010     rtsv7M4_T_le_v4SPD16_eabi.lib : defs.c.obj (.data)
                  200001e4    0000000c                                   : exit.c.obj (.data:$O1$$)
                  200001f0    00000008                                   : _lock.c.obj (.data:$O1$$)
                  200001f8    00000008                                   : memory.c.obj (.data:$O1$$)
                  20000200    00000004                                   : errno.c.obj (.data)

.stack     0    20000208    00000200     UNINITIALIZED
                  20000208    00000004     rtsv7M4_T_le_v4SPD16_eabi.lib : boot_cortex_m.c.obj (.stack)
                  2000020c    000001fc     --HOLE--

.bss       0    20000408    000001cc     UNINITIALIZED
                  20000408    00000120     rtsv7M4_T_le_v4SPD16_eabi.lib : trgmsg.c.obj (.bss:_CIOBUF_)
                  20000528    000000a0     (.common:__TI_tmpnams)
                  200005c8    00000008     (.common:parmbuf)
                  200005d0    00000004     (.common:t1)

.sysmem    0    200005d8    00000010     UNINITIALIZED
                  200005d8    00000010     rtsv7M4_T_le_v4SPD16_eabi.lib : memory.c.obj (.sysmem)

__llvm_prf_cnts 
*          0    20000000    00000000     UNINITIALIZED

MODULE SUMMARY

       Module                         code    ro data   rw data
       ------                         ----    -------   -------
    .\
       main.obj                       848     0         32     
       tm4c123gh6pm_startup_ccs.obj   12      620       0      
    +--+------------------------------+-------+---------+---------+
       Total:                         860     620       32     
                                                               
    C:\ti\ccs1280\ccs\tools\compiler\ti-cgt-arm_20.2.7.LTS\lib\rtsv7M4_T_le_v4SPD16_eabi.lib
       _printfi.c.obj                 4851    0         0      
       memory.c.obj                   672     0         8      
       fd_add_t2.asm.obj              438     0         0      
       defs.c.obj                     0       0         416    
       trgmsg.c.obj                   108     0         288    
       fd_div_t2.asm.obj              310     0         0      
       fputs.c.obj                    276     0         0      
       s_scalbn.c.obj                 272     0         0      
       fd_cmp_t2.asm.obj              268     0         0      
       ctype.c.obj                    0       257       0      
       fd_mul_t2.asm.obj              252     0         0      
       setvbuf.c.obj                  220     0         0      
       host_device.c.obj              0       0         200    
       memcpy_t2.asm.obj              156     0         0      
       ull_div_t2.asm.obj             150     0         0      
       fputc.c.obj                    140     0         0      
       memset_t2.asm.obj              122     0         0      
       fclose.c.obj                   116     0         0      
       getdevice.c.obj                116     0         0      
       printf.c.obj                   112     0         0      
       fd_tos_t2.asm.obj              110     0         0      
       hostrename.c.obj               108     0         0      
       copy_decompress_lzss.c.obj     104     0         0      
       hostlseek.c.obj                104     0         0      
       hostopen.c.obj                 96      0         8      
       fseek.c.obj                    100     0         0      
       s_frexp.c.obj                  100     0         0      
       _io_perm.c.obj                 98      0         0      
       close.c.obj                    92      0         0      
       exit.c.obj                     76      0         12     
       hostread.c.obj                 88      0         0      
       hostwrite.c.obj                88      0         0      
       _ltoa.c.obj                    84      0         0      
       atoi.c.obj                     76      0         0      
       fflush.c.obj                   76      0         0      
       fd_toi_t2.asm.obj              72      0         0      
       autoinit.c.obj                 68      0         0      
       hostclose.c.obj                68      0         0      
       hostunlink.c.obj               68      0         0      
       strncpy.c.obj                  54      0         0      
       boot_cortex_m.c.obj            52      0         0      
       fopen.c.obj                    52      0         0      
       i_tofd_t2.asm.obj              46      0         0      
       unlink.c.obj                   44      0         0      
       lseek.c.obj                    40      0         0      
       write.c.obj                    40      0         0      
       memchr.c.obj                   32      0         0      
       u_tofd_t2.asm.obj              32      0         0      
       copy_zero_init.c.obj           28      0         0      
       memccpy.c.obj                  28      0         0      
       s_copysign.c.obj               26      0         0      
       strcmp.c.obj                   24      0         0      
       strchr.c.obj                   22      0         0      
       strcpy.c.obj                   20      0         0      
       strlen.c.obj                   20      0         0      
       wcslen.c.obj                   18      0         0      
       copy_decompress_none.c.obj     14      0         0      
       errno.c.obj                    8       0         4      
       _lock.c.obj                    2       0         8      
       pre_init.c.obj                 4       0         0      
       div0.asm.obj                   2       0         0      
    +--+------------------------------+-------+---------+---------+
       Total:                         10863   257       944    
                                                               
       Heap:                          0       0         16     
       Stack:                         0       0         512    
       Linker Generated:              0       147       0      
    +--+------------------------------+-------+---------+---------+
       Grand Total:                   11723   1024      1504   


LINKER GENERATED COPY TABLES

__TI_cinit_table @ 000031d0 records: 2, size/record: 8, table size: 16
	.data: load addr=00003148, load size=0000006f bytes, run addr=20000000, run size=00000204 bytes, compression=lzss
	.bss: load addr=000031c8, load size=00000008 bytes, run addr=20000408, run size=000001cc bytes, compression=zero_init


LINKER GENERATED HANDLER TABLE

__TI_handler_table @ 000031b8 records: 3, size/record: 4, table size: 12
	index: 0, handler: __TI_decompress_lzss
	index: 1, handler: __TI_decompress_none
	index: 2, handler: __TI_zero_init


GLOBAL SYMBOLS: SORTED ALPHABETICALLY BY Name 

address   name                           
-------   ----                           
00003041  C$$EXIT                        
00002d13  C$$IO$$                        
00000df1  GPIOB_Handler                  
00002b95  HOSTclose                      
000025a1  HOSTlseek                      
00002805  HOSTopen                       
000028c1  HOSTread                       
00002535  HOSTrename                     
00002bd9  HOSTunlink                     
00002919  HOSTwrite                      
200001c4  PreScalar1                     
200001c8  PreScalar2                     
00003019  ResetISR                       
00000e31  TIMER0A_Handler                
00000f55  Timer1ACapture                 
20000408  __CIOBUF_                      
20000408  __STACK_END                    
00000200  __STACK_SIZE                   
20000408  __STACK_TOP                    
00000010  __SYSMEM_SIZE                  
000031d0  __TI_CINIT_Base                
000031e0  __TI_CINIT_Limit               
000031b8  __TI_Handler_Table_Base        
000031c4  __TI_Handler_Table_Limit       
00002c1d  __TI_auto_init_nobinit_nopinit 
00002d55  __TI_cleanup                   
200001e4  __TI_cleanup_ptr               
00002375  __TI_closefile                 
00002609  __TI_decompress_lzss           
0000300b  __TI_decompress_none           
00002a6d  __TI_doflush                   
200001e8  __TI_dtors_ptr                 
200001ec  __TI_enable_exit_profile_output
200001d4  __TI_ft_end                    
000029c7  __TI_ltoa                      
ffffffff  __TI_pprof_out_hndl            
0000026d  __TI_printfi                   
ffffffff  __TI_prof_data_size            
ffffffff  __TI_prof_data_start           
00002d89  __TI_readmsg                   
00000000  __TI_static_base__             
20000528  __TI_tmpnams                   
00002ce5  __TI_writemsg                  
000027a1  __TI_wrt_ok                    
00002f35  __TI_zero_init_nomemset        
000021ed  __aeabi_cdcmpeq                
000021ed  __aeabi_cdcmple                
00002273  __aeabi_cdrcmple               
000024c7  __aeabi_d2f                    
00002b4d  __aeabi_d2iz                   
00001457  __aeabi_dadd                   
00001741  __aeabi_ddiv                   
00001cc1  __aeabi_dmul                   
0000144d  __aeabi_dsub                   
00003025  __aeabi_errno_addr             
00002e21  __aeabi_i2d                    
00001603  __aeabi_idiv0                  
00001603  __aeabi_ldiv0                  
000022f9  __aeabi_memclr                 
000022f9  __aeabi_memclr4                
000022f9  __aeabi_memclr8                
0000202f  __aeabi_memcpy                 
0000202f  __aeabi_memcpy4                
0000202f  __aeabi_memcpy8                
000022fb  __aeabi_memset                 
000022fb  __aeabi_memset4                
000022fb  __aeabi_memset8                
200001e0  __aeabi_stderr                 
200001d8  __aeabi_stdin                  
200001dc  __aeabi_stdout                 
00002f15  __aeabi_ui2d                   
000020cb  __aeabi_uldivmod               
ffffffff  __binit__                      
ffffffff  __c_args__                     
UNDEFED   __mpu_init                     
20000208  __stack                        
20000000  __start___llvm_prf_cnts        
20000000  __stop___llvm_prf_cnts         
00002dbd  _c_int00_noargs                
00003044  _ctypes_                       
200000f0  _device                        
20000000  _ftable                        
200001f0  _lock                          
00000cbb  _nop                           
20000168  _stream                        
200005d8  _sys_memory                    
UNDEFED   _system_post_cinit             
0000303d  _system_pre_init               
200001f4  _unlock                        
00003041  abort                          
00001bc1  aligned_alloc                  
00002ab9  atoi                           
ffffffff  binit                          
200001b8  clockTime                      
00002865  close                          
00002f89  copysign                       
00002f89  copysignl                      
200001d0  distance                       
20000200  errno                          
00002b05  exit                           
200001c0  fallingEdge                    
00002df1  finddevice                     
00002161  fputc                          
0000199d  fputs                          
00001dbd  free                           
000026d9  frexp                          
000026d9  frexpl                         
0000273d  fseek                          
00000000  g_pfnVectors                   
00000f13  getDistance                    
00002c61  getdevice                      
00001ab1  ldexp                          
00001ab1  ldexpl                         
00002ea5  lseek                          
00000cbd  main                           
0000302d  malloc                         
00000ec9  measurePulseWidth              
00001bc1  memalign                       
00002f6d  memccpy                        
00002ef5  memchr                         
0000202f  memcpy                         
00002301  memset                         
200005c8  parmbuf                        
200001cc  period                         
00002671  printf                         
00002161  putc                           
00002e51  remove                         
200001bc  risingEdge                     
00001ab1  scalbn                         
00001ab1  scalbnl                        
00001ea1  setvbuf                        
00002fbb  strchr                         
00002fa3  strcmp                         
00002fd1  strcpy                         
00002fe5  strlen                         
00002d1d  strncpy                        
200005d0  t1                             
00002e51  unlink                         
00002ff9  wcslen                         
00002ecd  write                          


GLOBAL SYMBOLS: SORTED BY Symbol Address 

address   name                           
-------   ----                           
00000000  __TI_static_base__             
00000000  g_pfnVectors                   
00000010  __SYSMEM_SIZE                  
00000200  __STACK_SIZE                   
0000026d  __TI_printfi                   
00000cbb  _nop                           
00000cbd  main                           
00000df1  GPIOB_Handler                  
00000e31  TIMER0A_Handler                
00000ec9  measurePulseWidth              
00000f13  getDistance                    
00000f55  Timer1ACapture                 
0000144d  __aeabi_dsub                   
00001457  __aeabi_dadd                   
00001603  __aeabi_idiv0                  
00001603  __aeabi_ldiv0                  
00001741  __aeabi_ddiv                   
0000199d  fputs                          
00001ab1  ldexp                          
00001ab1  ldexpl                         
00001ab1  scalbn                         
00001ab1  scalbnl                        
00001bc1  aligned_alloc                  
00001bc1  memalign                       
00001cc1  __aeabi_dmul                   
00001dbd  free                           
00001ea1  setvbuf                        
0000202f  __aeabi_memcpy                 
0000202f  __aeabi_memcpy4                
0000202f  __aeabi_memcpy8                
0000202f  memcpy                         
000020cb  __aeabi_uldivmod               
00002161  fputc                          
00002161  putc                           
000021ed  __aeabi_cdcmpeq                
000021ed  __aeabi_cdcmple                
00002273  __aeabi_cdrcmple               
000022f9  __aeabi_memclr                 
000022f9  __aeabi_memclr4                
000022f9  __aeabi_memclr8                
000022fb  __aeabi_memset                 
000022fb  __aeabi_memset4                
000022fb  __aeabi_memset8                
00002301  memset                         
00002375  __TI_closefile                 
000024c7  __aeabi_d2f                    
00002535  HOSTrename                     
000025a1  HOSTlseek                      
00002609  __TI_decompress_lzss           
00002671  printf                         
000026d9  frexp                          
000026d9  frexpl                         
0000273d  fseek                          
000027a1  __TI_wrt_ok                    
00002805  HOSTopen                       
00002865  close                          
000028c1  HOSTread                       
00002919  HOSTwrite                      
000029c7  __TI_ltoa                      
00002a6d  __TI_doflush                   
00002ab9  atoi                           
00002b05  exit                           
00002b4d  __aeabi_d2iz                   
00002b95  HOSTclose                      
00002bd9  HOSTunlink                     
00002c1d  __TI_auto_init_nobinit_nopinit 
00002c61  getdevice                      
00002ce5  __TI_writemsg                  
00002d13  C$$IO$$                        
00002d1d  strncpy                        
00002d55  __TI_cleanup                   
00002d89  __TI_readmsg                   
00002dbd  _c_int00_noargs                
00002df1  finddevice                     
00002e21  __aeabi_i2d                    
00002e51  remove                         
00002e51  unlink                         
00002ea5  lseek                          
00002ecd  write                          
00002ef5  memchr                         
00002f15  __aeabi_ui2d                   
00002f35  __TI_zero_init_nomemset        
00002f6d  memccpy                        
00002f89  copysign                       
00002f89  copysignl                      
00002fa3  strcmp                         
00002fbb  strchr                         
00002fd1  strcpy                         
00002fe5  strlen                         
00002ff9  wcslen                         
0000300b  __TI_decompress_none           
00003019  ResetISR                       
00003025  __aeabi_errno_addr             
0000302d  malloc                         
0000303d  _system_pre_init               
00003041  C$$EXIT                        
00003041  abort                          
00003044  _ctypes_                       
000031b8  __TI_Handler_Table_Base        
000031c4  __TI_Handler_Table_Limit       
000031d0  __TI_CINIT_Base                
000031e0  __TI_CINIT_Limit               
20000000  __start___llvm_prf_cnts        
20000000  __stop___llvm_prf_cnts         
20000000  _ftable                        
200000f0  _device                        
20000168  _stream                        
200001b8  clockTime                      
200001bc  risingEdge                     
200001c0  fallingEdge                    
200001c4  PreScalar1                     
200001c8  PreScalar2                     
200001cc  period                         
200001d0  distance                       
200001d4  __TI_ft_end                    
200001d8  __aeabi_stdin                  
200001dc  __aeabi_stdout                 
200001e0  __aeabi_stderr                 
200001e4  __TI_cleanup_ptr               
200001e8  __TI_dtors_ptr                 
200001ec  __TI_enable_exit_profile_output
200001f0  _lock                          
200001f4  _unlock                        
20000200  errno                          
20000208  __stack                        
20000408  __CIOBUF_                      
20000408  __STACK_END                    
20000408  __STACK_TOP                    
20000528  __TI_tmpnams                   
200005c8  parmbuf                        
200005d0  t1                             
200005d8  _sys_memory                    
ffffffff  __TI_pprof_out_hndl            
ffffffff  __TI_prof_data_size            
ffffffff  __TI_prof_data_start           
ffffffff  __binit__                      
ffffffff  __c_args__                     
ffffffff  binit                          
UNDEFED   __mpu_init                     
UNDEFED   _system_post_cinit             

[140 symbols]
