******************************************************************************
                  TI ARM Linker PC v20.2.7                     
******************************************************************************
>> Linked Tue Nov  5 19:17:32 2024

OUTPUT FILE NAME:   <EGEC_558B_Project.out>
ENTRY POINT SYMBOL: "_c_int00_noargs"  address: 00000885


MEMORY CONFIGURATION

         name            origin    length      used     unused   attr    fill
----------------------  --------  ---------  --------  --------  ----  --------
  FLASH                 00000000   00040000  00000946  0003f6ba  R  X
  SRAM                  20000000   00008000  0000021c  00007de4  RW X


SEGMENT ALLOCATION MAP

run origin  load origin   length   init length attrs members
----------  ----------- ---------- ----------- ----- -------
00000000    00000000    00000948   00000948    r-x
  00000000    00000000    0000026c   0000026c    r-- .intvecs
  0000026c    0000026c    000006aa   000006aa    r-x .text
  00000918    00000918    00000030   00000030    r-- .cinit
20000000    20000000    0000021c   00000000    rw-
  20000000    20000000    00000200   00000000    rw- .stack
  20000200    20000200    00000018   00000000    rw- .data
  20000218    20000218    00000004   00000000    rw- .bss


SECTION ALLOCATION MAP

 output                                  attributes/
section   page    origin      length       input sections
--------  ----  ----------  ----------   ----------------
.intvecs   0    00000000    0000026c     
                  00000000    0000026c     tm4c123gh6pm_startup_ccs.obj (.intvecs)

.text      0    0000026c    000006aa     
                  0000026c    0000032c     main.obj (.text)
                  00000598    00000136     rtsv7M4_T_le_v4SPD16_eabi.lib : fd_div_t2.asm.obj (.text)
                  000006ce    0000009c                                   : memcpy_t2.asm.obj (.text)
                  0000076a    0000006e                                   : fd_tos_t2.asm.obj (.text)
                  000007d8    00000068                                   : copy_decompress_lzss.c.obj (.text:decompress:lzss:__TI_decompress_lzss)
                  00000840    00000044                                   : autoinit.c.obj (.text:__TI_auto_init_nobinit_nopinit:__TI_auto_init_nobinit_nopinit)
                  00000884    00000034                                   : boot_cortex_m.c.obj (.text:_c_int00_noargs:_c_int00_noargs)
                  000008b8    00000020                                   : u_tofd_t2.asm.obj (.text)
                  000008d8    0000001c                                   : copy_zero_init.c.obj (.text:decompress:ZI:__TI_zero_init_nomemset:__TI_zero_init_nomemset)
                  000008f4    0000000e                                   : copy_decompress_none.c.obj (.text:decompress:none:__TI_decompress_none)
                  00000902    0000000c     tm4c123gh6pm_startup_ccs.obj (.text)
                  0000090e    00000004     rtsv7M4_T_le_v4SPD16_eabi.lib : pre_init.c.obj (.text:_system_pre_init)
                  00000912    00000004                                   : exit.c.obj (.text:abort:abort)

.cinit     0    00000918    00000030     
                  00000918    0000000c     (__TI_handler_table)
                  00000924    00000004     --HOLE-- [fill = 0]
                  00000928    00000008     (.cinit..bss.load) [load image, compression = zero_init]
                  00000930    00000008     (.cinit..data.load) [load image, compression = lzss]
                  00000938    00000010     (__TI_cinit_table)

.init_array 
*          0    00000000    00000000     UNINITIALIZED

.data      0    20000200    00000018     UNINITIALIZED
                  20000200    00000018     main.obj (.data)

.bss       0    20000218    00000004     UNINITIALIZED
                  20000218    00000004     (.common:t1)

.stack     0    20000000    00000200     UNINITIALIZED
                  20000000    00000004     rtsv7M4_T_le_v4SPD16_eabi.lib : boot_cortex_m.c.obj (.stack)
                  20000004    000001fc     --HOLE--

__llvm_prf_cnts 
*          0    20000000    00000000     UNINITIALIZED

MODULE SUMMARY

       Module                         code   ro data   rw data
       ------                         ----   -------   -------
    .\
       main.obj                       812    0         28     
       tm4c123gh6pm_startup_ccs.obj   12     620       0      
    +--+------------------------------+------+---------+---------+
       Total:                         824    620       28     
                                                              
    C:\ti\ccs1280\ccs\tools\compiler\ti-cgt-arm_20.2.7.LTS\lib\rtsv7M4_T_le_v4SPD16_eabi.lib
       fd_div_t2.asm.obj              310    0         0      
       memcpy_t2.asm.obj              156    0         0      
       fd_tos_t2.asm.obj              110    0         0      
       copy_decompress_lzss.c.obj     104    0         0      
       autoinit.c.obj                 68     0         0      
       boot_cortex_m.c.obj            52     0         0      
       u_tofd_t2.asm.obj              32     0         0      
       copy_zero_init.c.obj           28     0         0      
       copy_decompress_none.c.obj     14     0         0      
       exit.c.obj                     4      0         0      
       pre_init.c.obj                 4      0         0      
    +--+------------------------------+------+---------+---------+
       Total:                         882    0         0      
                                                              
       Stack:                         0      0         512    
       Linker Generated:              0      44        0      
    +--+------------------------------+------+---------+---------+
       Grand Total:                   1706   664       540    


LINKER GENERATED COPY TABLES

__TI_cinit_table @ 00000938 records: 2, size/record: 8, table size: 16
	.bss: load addr=00000928, load size=00000008 bytes, run addr=20000218, run size=00000004 bytes, compression=zero_init
	.data: load addr=00000930, load size=00000008 bytes, run addr=20000200, run size=00000018 bytes, compression=lzss


LINKER GENERATED HANDLER TABLE

__TI_handler_table @ 00000918 records: 3, size/record: 4, table size: 12
	index: 0, handler: __TI_decompress_lzss
	index: 1, handler: __TI_decompress_none
	index: 2, handler: __TI_zero_init


GLOBAL SYMBOLS: SORTED ALPHABETICALLY BY Name 

address   name                          
-------   ----                          
00000913  C$$EXIT                       
000003a3  GPIOB_Handler                 
20000208  PreScalar1                    
2000020c  PreScalar2                    
00000903  ResetISR                      
000003e3  TIMER0A_Handler               
000004eb  Timer1ACapture                
20000200  __STACK_END                   
00000200  __STACK_SIZE                  
20000200  __STACK_TOP                   
00000938  __TI_CINIT_Base               
00000948  __TI_CINIT_Limit              
00000918  __TI_Handler_Table_Base       
00000924  __TI_Handler_Table_Limit      
00000841  __TI_auto_init_nobinit_nopinit
000007d9  __TI_decompress_lzss          
000008f5  __TI_decompress_none          
ffffffff  __TI_pprof_out_hndl           
ffffffff  __TI_prof_data_size           
ffffffff  __TI_prof_data_start          
00000000  __TI_static_base__            
000008d9  __TI_zero_init_nomemset       
0000076b  __aeabi_d2f                   
00000599  __aeabi_ddiv                  
000006cf  __aeabi_memcpy                
000006cf  __aeabi_memcpy4               
000006cf  __aeabi_memcpy8               
000008b9  __aeabi_ui2d                  
ffffffff  __binit__                     
ffffffff  __c_args__                    
UNDEFED   __mpu_init                    
20000000  __stack                       
20000000  __start___llvm_prf_cnts       
20000000  __stop___llvm_prf_cnts        
00000885  _c_int00_noargs               
UNDEFED   _system_post_cinit            
0000090f  _system_pre_init              
00000913  abort                         
ffffffff  binit                         
20000214  distance                      
20000204  fallingEdge                   
00000000  g_pfnVectors                  
000004b3  getDistance                   
0000026d  main                          
00000481  measurePulseWidth             
000006cf  memcpy                        
20000210  period                        
20000200  risingEdge                    
20000218  t1                            


GLOBAL SYMBOLS: SORTED BY Symbol Address 

address   name                          
-------   ----                          
00000000  __TI_static_base__            
00000000  g_pfnVectors                  
00000200  __STACK_SIZE                  
0000026d  main                          
000003a3  GPIOB_Handler                 
000003e3  TIMER0A_Handler               
00000481  measurePulseWidth             
000004b3  getDistance                   
000004eb  Timer1ACapture                
00000599  __aeabi_ddiv                  
000006cf  __aeabi_memcpy                
000006cf  __aeabi_memcpy4               
000006cf  __aeabi_memcpy8               
000006cf  memcpy                        
0000076b  __aeabi_d2f                   
000007d9  __TI_decompress_lzss          
00000841  __TI_auto_init_nobinit_nopinit
00000885  _c_int00_noargs               
000008b9  __aeabi_ui2d                  
000008d9  __TI_zero_init_nomemset       
000008f5  __TI_decompress_none          
00000903  ResetISR                      
0000090f  _system_pre_init              
00000913  C$$EXIT                       
00000913  abort                         
00000918  __TI_Handler_Table_Base       
00000924  __TI_Handler_Table_Limit      
00000938  __TI_CINIT_Base               
00000948  __TI_CINIT_Limit              
20000000  __stack                       
20000000  __start___llvm_prf_cnts       
20000000  __stop___llvm_prf_cnts        
20000200  __STACK_END                   
20000200  __STACK_TOP                   
20000200  risingEdge                    
20000204  fallingEdge                   
20000208  PreScalar1                    
2000020c  PreScalar2                    
20000210  period                        
20000214  distance                      
20000218  t1                            
ffffffff  __TI_pprof_out_hndl           
ffffffff  __TI_prof_data_size           
ffffffff  __TI_prof_data_start          
ffffffff  __binit__                     
ffffffff  __c_args__                    
ffffffff  binit                         
UNDEFED   __mpu_init                    
UNDEFED   _system_post_cinit            

[49 symbols]
