******************************************************************************
                  TI ARM Linker PC v20.2.7                     
******************************************************************************
>> Linked Sun Oct 27 17:34:03 2024

OUTPUT FILE NAME:   <EGEC_558B_Project.out>
ENTRY POINT SYMBOL: "_c_int00_noargs"  address: 00000471


MEMORY CONFIGURATION

         name            origin    length      used     unused   attr    fill
----------------------  --------  ---------  --------  --------  ----  --------
  FLASH                 00000000   00040000  000004e8  0003fb18  R  X
  SRAM                  20000000   00008000  00000210  00007df0  RW X


SEGMENT ALLOCATION MAP

run origin  load origin   length   init length attrs members
----------  ----------- ---------- ----------- ----- -------
00000000    00000000    000004ec   000004ec    r-x
  00000000    00000000    0000026c   0000026c    r-- .intvecs
  0000026c    0000026c    00000268   00000268    r-x .text
  000004d8    000004d8    00000014   00000014    r-- .cinit
20000000    20000000    00000210   00000000    rw-
  20000000    20000000    00000200   00000000    rw- .stack
  20000200    20000200    00000010   00000000    rw- .bss


SECTION ALLOCATION MAP

 output                                  attributes/
section   page    origin      length       input sections
--------  ----  ----------  ----------   ----------------
.intvecs   0    00000000    0000026c     
                  00000000    0000026c     tm4c123gh6pm_startup_ccs.obj (.intvecs)

.text      0    0000026c    00000268     
                  0000026c    000001c0     main.obj (.text)
                  0000042c    00000044     rtsv7M4_T_le_v4SPD16_eabi.lib : autoinit.c.obj (.text:__TI_auto_init_nobinit_nopinit:__TI_auto_init_nobinit_nopinit)
                  00000470    00000034                                   : boot_cortex_m.c.obj (.text:_c_int00_noargs:_c_int00_noargs)
                  000004a4    0000001c                                   : copy_zero_init.c.obj (.text:decompress:ZI:__TI_zero_init_nomemset:__TI_zero_init_nomemset)
                  000004c0    0000000c     tm4c123gh6pm_startup_ccs.obj (.text)
                  000004cc    00000004     rtsv7M4_T_le_v4SPD16_eabi.lib : pre_init.c.obj (.text:_system_pre_init)
                  000004d0    00000004                                   : exit.c.obj (.text:abort:abort)

.cinit     0    000004d8    00000014     
                  000004d8    00000008     (.cinit..bss.load) [load image, compression = zero_init]
                  000004e0    00000004     (__TI_handler_table)
                  000004e4    00000008     (__TI_cinit_table)

.init_array 
*          0    00000000    00000000     UNINITIALIZED

.bss       0    20000200    00000010     UNINITIALIZED
                  20000200    00000004     (.common:fallingEdge)
                  20000204    00000004     (.common:period)
                  20000208    00000004     (.common:risingEdge)
                  2000020c    00000004     (.common:t1)

.stack     0    20000000    00000200     UNINITIALIZED
                  20000000    00000004     rtsv7M4_T_le_v4SPD16_eabi.lib : boot_cortex_m.c.obj (.stack)
                  20000004    000001fc     --HOLE--

__llvm_prf_cnts 
*          0    20000000    00000000     UNINITIALIZED

MODULE SUMMARY

       Module                         code   ro data   rw data
       ------                         ----   -------   -------
    .\
       tm4c123gh6pm_startup_ccs.obj   12     620       0      
       main.obj                       448    0         16     
    +--+------------------------------+------+---------+---------+
       Total:                         460    620       16     
                                                              
    C:\ti\ccs1280\ccs\tools\compiler\ti-cgt-arm_20.2.7.LTS\lib\rtsv7M4_T_le_v4SPD16_eabi.lib
       autoinit.c.obj                 68     0         0      
       boot_cortex_m.c.obj            52     0         0      
       copy_zero_init.c.obj           28     0         0      
       exit.c.obj                     4      0         0      
       pre_init.c.obj                 4      0         0      
    +--+------------------------------+------+---------+---------+
       Total:                         156    0         0      
                                                              
       Stack:                         0      0         512    
       Linker Generated:              0      20        0      
    +--+------------------------------+------+---------+---------+
       Grand Total:                   616    640       528    


LINKER GENERATED COPY TABLES

__TI_cinit_table @ 000004e4 records: 1, size/record: 8, table size: 8
	.bss: load addr=000004d8, load size=00000008 bytes, run addr=20000200, run size=00000010 bytes, compression=zero_init


LINKER GENERATED HANDLER TABLE

__TI_handler_table @ 000004e0 records: 1, size/record: 4, table size: 4
	index: 0, handler: __TI_zero_init


GLOBAL SYMBOLS: SORTED ALPHABETICALLY BY Name 

address   name                          
-------   ----                          
000004d1  C$$EXIT                       
00000309  GPIOB_Handler                 
000004c1  ResetISR                      
00000349  TIMER0A_Handler               
000003d3  Timer1ACapture                
20000200  __STACK_END                   
00000200  __STACK_SIZE                  
20000200  __STACK_TOP                   
000004e4  __TI_CINIT_Base               
000004ec  __TI_CINIT_Limit              
000004e0  __TI_Handler_Table_Base       
000004e4  __TI_Handler_Table_Limit      
0000042d  __TI_auto_init_nobinit_nopinit
ffffffff  __TI_pprof_out_hndl           
ffffffff  __TI_prof_data_size           
ffffffff  __TI_prof_data_start          
00000000  __TI_static_base__            
000004a5  __TI_zero_init_nomemset       
ffffffff  __binit__                     
ffffffff  __c_args__                    
UNDEFED   __mpu_init                    
20000000  __stack                       
20000000  __start___llvm_prf_cnts       
20000000  __stop___llvm_prf_cnts        
00000471  _c_int00_noargs               
UNDEFED   _system_post_cinit            
000004cd  _system_pre_init              
000004d1  abort                         
ffffffff  binit                         
20000200  fallingEdge                   
00000000  g_pfnVectors                  
0000026d  main                          
000003a1  measurePulseWidth             
20000204  period                        
20000208  risingEdge                    
2000020c  t1                            


GLOBAL SYMBOLS: SORTED BY Symbol Address 

address   name                          
-------   ----                          
00000000  __TI_static_base__            
00000000  g_pfnVectors                  
00000200  __STACK_SIZE                  
0000026d  main                          
00000309  GPIOB_Handler                 
00000349  TIMER0A_Handler               
000003a1  measurePulseWidth             
000003d3  Timer1ACapture                
0000042d  __TI_auto_init_nobinit_nopinit
00000471  _c_int00_noargs               
000004a5  __TI_zero_init_nomemset       
000004c1  ResetISR                      
000004cd  _system_pre_init              
000004d1  C$$EXIT                       
000004d1  abort                         
000004e0  __TI_Handler_Table_Base       
000004e4  __TI_CINIT_Base               
000004e4  __TI_Handler_Table_Limit      
000004ec  __TI_CINIT_Limit              
20000000  __stack                       
20000000  __start___llvm_prf_cnts       
20000000  __stop___llvm_prf_cnts        
20000200  __STACK_END                   
20000200  __STACK_TOP                   
20000200  fallingEdge                   
20000204  period                        
20000208  risingEdge                    
2000020c  t1                            
ffffffff  __TI_pprof_out_hndl           
ffffffff  __TI_prof_data_size           
ffffffff  __TI_prof_data_start          
ffffffff  __binit__                     
ffffffff  __c_args__                    
ffffffff  binit                         
UNDEFED   __mpu_init                    
UNDEFED   _system_post_cinit            

[36 symbols]
