******************************************************************************
                  TI ARM Linker PC v20.2.7                     
******************************************************************************
>> Linked Tue Nov  5 21:30:11 2024

OUTPUT FILE NAME:   <EGEC_558B_Project.out>
ENTRY POINT SYMBOL: "_c_int00_noargs"  address: 00002d55


MEMORY CONFIGURATION

         name            origin    length      used     unused   attr    fill
----------------------  --------  ---------  --------  --------  ----  --------
  FLASH                 00000000   00040000  00003175  0003ce8b  R  X
  SRAM                  20000000   00008000  000005dc  00007a24  RW X


SEGMENT ALLOCATION MAP

run origin  load origin   length   init length attrs members
----------  ----------- ---------- ----------- ----- -------
00000000    00000000    00003178   00003178    r-x
  00000000    00000000    0000026c   0000026c    r-- .intvecs
  0000026c    0000026c    00002d70   00002d70    r-x .text
  00002fdc    00002fdc    00000101   00000101    r-- .const
  000030e0    000030e0    00000098   00000098    r-- .cinit
20000000    20000000    000005e0   00000000    rw-
  20000000    20000000    00000204   00000000    rw- .data
  20000208    20000208    00000200   00000000    rw- .stack
  20000408    20000408    000001c8   00000000    rw- .bss
  200005d0    200005d0    00000010   00000000    rw- .sysmem


SECTION ALLOCATION MAP

 output                                  attributes/
section   page    origin      length       input sections
--------  ----  ----------  ----------   ----------------
.intvecs   0    00000000    0000026c     
                  00000000    0000026c     tm4c123gh6pm_startup_ccs.obj (.intvecs)

.text      0    0000026c    00002d70     
                  0000026c    00000a4e     rtsv7M4_T_le_v4SPD16_eabi.lib : _printfi.c.obj (.text:__TI_printfi)
                  00000cba    00000002                                   : _lock.c.obj (.text:_nop)
                  00000cbc    000002e8     main.obj (.text)
                  00000fa4    00000270     rtsv7M4_T_le_v4SPD16_eabi.lib : _printfi.c.obj (.text:_pconv_a)
                  00001214    000001d0                                   : _printfi.c.obj (.text:_pconv_g)
                  000013e4    000001b6                                   : fd_add_t2.asm.obj (.text)
                  0000159a    00000002                                   : div0.asm.obj (.text)
                  0000159c    0000013c                                   : _printfi.c.obj (.text:_pconv_e)
                  000016d8    00000136                                   : fd_div_t2.asm.obj (.text)
                  0000180e    00000002     --HOLE-- [fill = 0]
                  00001810    00000124                                   : _printfi.c.obj (.text:fcvt)
                  00001934    00000114                                   : fputs.c.obj (.text:fputs)
                  00001a48    00000110                                   : s_scalbn.c.obj (.text:scalbn)
                  00001b58    00000100                                   : memory.c.obj (.text:aligned_alloc)
                  00001c58    000000fc                                   : fd_mul_t2.asm.obj (.text)
                  00001d54    000000e4                                   : memory.c.obj (.text:free)
                  00001e38    000000dc                                   : setvbuf.c.obj (.text:setvbuf)
                  00001f14    000000b1                                   : _printfi.c.obj (.text:_ltostr)
                  00001fc5    00000001     --HOLE-- [fill = 0]
                  00001fc6    0000009c                                   : memcpy_t2.asm.obj (.text)
                  00002062    00000096                                   : ull_div_t2.asm.obj (.text)
                  000020f8    0000008c                                   : fputc.c.obj (.text:fputc)
                  00002184    00000086                                   : fd_cmp_t2.asm.obj (.text:__aeabi_cdcmple)
                  0000220a    00000086                                   : fd_cmp_t2.asm.obj (.text:__aeabi_cdrcmple)
                  00002290    0000007a                                   : memset_t2.asm.obj (.text)
                  0000230a    00000002     --HOLE-- [fill = 0]
                  0000230c    00000074                                   : fclose.c.obj (.text:__TI_closefile)
                  00002380    00000070                                   : memory.c.obj (.text:split)
                  000023f0    0000006e                                   : _printfi.c.obj (.text:_mcpy)
                  0000245e    0000006e                                   : fd_tos_t2.asm.obj (.text)
                  000024cc    0000006c                                   : hostrename.c.obj (.text:HOSTrename)
                  00002538    00000068                                   : hostlseek.c.obj (.text:HOSTlseek)
                  000025a0    00000068                                   : copy_decompress_lzss.c.obj (.text:decompress:lzss:__TI_decompress_lzss)
                  00002608    00000068                                   : printf.c.obj (.text:printf)
                  00002670    00000064                                   : s_frexp.c.obj (.text:frexp)
                  000026d4    00000064                                   : fseek.c.obj (.text:fseek)
                  00002738    00000062                                   : _io_perm.c.obj (.text:__TI_wrt_ok)
                  0000279a    00000002     --HOLE-- [fill = 0]
                  0000279c    00000060                                   : hostopen.c.obj (.text:HOSTopen)
                  000027fc    0000005c                                   : close.c.obj (.text:close)
                  00002858    00000058                                   : hostread.c.obj (.text:HOSTread)
                  000028b0    00000058                                   : hostwrite.c.obj (.text:HOSTwrite)
                  00002908    00000056                                   : _printfi.c.obj (.text:_pconv_f)
                  0000295e    00000054                                   : _ltoa.c.obj (.text:__TI_ltoa)
                  000029b2    00000052                                   : _printfi.c.obj (.text:_ecpy)
                  00002a04    0000004c                                   : fflush.c.obj (.text:__TI_doflush)
                  00002a50    0000004c                                   : atoi.c.obj (.text:atoi)
                  00002a9c    00000048                                   : exit.c.obj (.text:exit)
                  00002ae4    00000048                                   : fd_toi_t2.asm.obj (.text)
                  00002b2c    00000044                                   : hostclose.c.obj (.text:HOSTclose)
                  00002b70    00000044                                   : hostunlink.c.obj (.text:HOSTunlink)
                  00002bb4    00000044                                   : autoinit.c.obj (.text:__TI_auto_init_nobinit_nopinit:__TI_auto_init_nobinit_nopinit)
                  00002bf8    00000044                                   : getdevice.c.obj (.text:getdevice)
                  00002c3c    0000003e                                   : _printfi.c.obj (.text:_fcpy)
                  00002c7a    00000002     --HOLE-- [fill = 0]
                  00002c7c    00000038                                   : trgmsg.c.obj (.text:__TI_writemsg)
                  00002cb4    00000036                                   : strncpy.c.obj (.text:strncpy)
                  00002cea    00000002     --HOLE-- [fill = 0]
                  00002cec    00000034                                   : fopen.c.obj (.text:__TI_cleanup)
                  00002d20    00000034                                   : trgmsg.c.obj (.text:__TI_readmsg)
                  00002d54    00000034                                   : boot_cortex_m.c.obj (.text:_c_int00_noargs:_c_int00_noargs)
                  00002d88    00000030                                   : getdevice.c.obj (.text:finddevice)
                  00002db8    0000002e                                   : i_tofd_t2.asm.obj (.text)
                  00002de6    00000002     --HOLE-- [fill = 0]
                  00002de8    0000002c                                   : unlink.c.obj (.text:unlink)
                  00002e14    00000028                                   : memory.c.obj (.text:free_list_insert)
                  00002e3c    00000028                                   : lseek.c.obj (.text:lseek)
                  00002e64    00000028                                   : write.c.obj (.text:write)
                  00002e8c    00000020                                   : memchr.c.obj (.text:memchr)
                  00002eac    00000020                                   : u_tofd_t2.asm.obj (.text)
                  00002ecc    0000001c                                   : copy_zero_init.c.obj (.text:decompress:ZI:__TI_zero_init_nomemset:__TI_zero_init_nomemset)
                  00002ee8    0000001c                                   : memory.c.obj (.text:free_list_remove)
                  00002f04    0000001c                                   : memccpy.c.obj (.text:memccpy)
                  00002f20    0000001a                                   : s_copysign.c.obj (.text:copysign)
                  00002f3a    00000018                                   : strcmp.c.obj (.text:strcmp)
                  00002f52    00000016                                   : strchr.c.obj (.text:strchr)
                  00002f68    00000014                                   : strcpy.c.obj (.text:strcpy)
                  00002f7c    00000014                                   : strlen.c.obj (.text:strlen)
                  00002f90    00000012                                   : wcslen.c.obj (.text:wcslen)
                  00002fa2    0000000e                                   : copy_decompress_none.c.obj (.text:decompress:none:__TI_decompress_none)
                  00002fb0    0000000c     tm4c123gh6pm_startup_ccs.obj (.text)
                  00002fbc    00000008     rtsv7M4_T_le_v4SPD16_eabi.lib : errno.c.obj (.text:__aeabi_errno_addr)
                  00002fc4    00000008                                   : memory.c.obj (.text:malloc)
                  00002fcc    00000004                                   : printf.c.obj (.text:_outc)
                  00002fd0    00000004                                   : printf.c.obj (.text:_outs)
                  00002fd4    00000004                                   : pre_init.c.obj (.text:_system_pre_init)
                  00002fd8    00000004                                   : exit.c.obj (.text:abort:abort)

.const     0    00002fdc    00000101     
                  00002fdc    00000101     rtsv7M4_T_le_v4SPD16_eabi.lib : ctype.c.obj (.const:.string:_ctypes_)

.cinit     0    000030e0    00000098     
                  000030e0    0000006d     (.cinit..data.load) [load image, compression = lzss]
                  0000314d    00000003     --HOLE-- [fill = 0]
                  00003150    0000000c     (__TI_handler_table)
                  0000315c    00000004     --HOLE-- [fill = 0]
                  00003160    00000008     (.cinit..bss.load) [load image, compression = zero_init]
                  00003168    00000010     (__TI_cinit_table)

.init_array 
*          0    00000000    00000000     UNINITIALIZED

.data      0    20000000    00000204     UNINITIALIZED
                  20000000    000000f0     rtsv7M4_T_le_v4SPD16_eabi.lib : defs.c.obj (.data:_ftable)
                  200000f0    00000078                                   : host_device.c.obj (.data:_device)
                  20000168    00000050                                   : host_device.c.obj (.data:_stream)
                  200001b8    0000001c     main.obj (.data)
                  200001d4    00000010     rtsv7M4_T_le_v4SPD16_eabi.lib : defs.c.obj (.data)
                  200001e4    0000000c                                   : exit.c.obj (.data:$O1$$)
                  200001f0    00000008                                   : _lock.c.obj (.data:$O1$$)
                  200001f8    00000008                                   : memory.c.obj (.data:$O1$$)
                  20000200    00000004                                   : errno.c.obj (.data)

.stack     0    20000208    00000200     UNINITIALIZED
                  20000208    00000004     rtsv7M4_T_le_v4SPD16_eabi.lib : boot_cortex_m.c.obj (.stack)
                  2000020c    000001fc     --HOLE--

.bss       0    20000408    000001c8     UNINITIALIZED
                  20000408    00000120     rtsv7M4_T_le_v4SPD16_eabi.lib : trgmsg.c.obj (.bss:_CIOBUF_)
                  20000528    000000a0     (.common:__TI_tmpnams)
                  200005c8    00000008     (.common:parmbuf)

.sysmem    0    200005d0    00000010     UNINITIALIZED
                  200005d0    00000010     rtsv7M4_T_le_v4SPD16_eabi.lib : memory.c.obj (.sysmem)

__llvm_prf_cnts 
*          0    20000000    00000000     UNINITIALIZED

MODULE SUMMARY

       Module                         code    ro data   rw data
       ------                         ----    -------   -------
    .\
       main.obj                       744     0         28     
       tm4c123gh6pm_startup_ccs.obj   12      620       0      
    +--+------------------------------+-------+---------+---------+
       Total:                         756     620       28     
                                                               
    C:\ti\ccs1280\ccs\tools\compiler\ti-cgt-arm_20.2.7.LTS\lib\rtsv7M4_T_le_v4SPD16_eabi.lib
       _printfi.c.obj                 4851    0         0      
       memory.c.obj                   672     0         8      
       fd_add_t2.asm.obj              438     0         0      
       defs.c.obj                     0       0         416    
       trgmsg.c.obj                   108     0         288    
       fd_div_t2.asm.obj              310     0         0      
       fputs.c.obj                    276     0         0      
       s_scalbn.c.obj                 272     0         0      
       fd_cmp_t2.asm.obj              268     0         0      
       ctype.c.obj                    0       257       0      
       fd_mul_t2.asm.obj              252     0         0      
       setvbuf.c.obj                  220     0         0      
       host_device.c.obj              0       0         200    
       memcpy_t2.asm.obj              156     0         0      
       ull_div_t2.asm.obj             150     0         0      
       fputc.c.obj                    140     0         0      
       memset_t2.asm.obj              122     0         0      
       fclose.c.obj                   116     0         0      
       getdevice.c.obj                116     0         0      
       printf.c.obj                   112     0         0      
       fd_tos_t2.asm.obj              110     0         0      
       hostrename.c.obj               108     0         0      
       copy_decompress_lzss.c.obj     104     0         0      
       hostlseek.c.obj                104     0         0      
       hostopen.c.obj                 96      0         8      
       fseek.c.obj                    100     0         0      
       s_frexp.c.obj                  100     0         0      
       _io_perm.c.obj                 98      0         0      
       close.c.obj                    92      0         0      
       exit.c.obj                     76      0         12     
       hostread.c.obj                 88      0         0      
       hostwrite.c.obj                88      0         0      
       _ltoa.c.obj                    84      0         0      
       atoi.c.obj                     76      0         0      
       fflush.c.obj                   76      0         0      
       fd_toi_t2.asm.obj              72      0         0      
       autoinit.c.obj                 68      0         0      
       hostclose.c.obj                68      0         0      
       hostunlink.c.obj               68      0         0      
       strncpy.c.obj                  54      0         0      
       boot_cortex_m.c.obj            52      0         0      
       fopen.c.obj                    52      0         0      
       i_tofd_t2.asm.obj              46      0         0      
       unlink.c.obj                   44      0         0      
       lseek.c.obj                    40      0         0      
       write.c.obj                    40      0         0      
       memchr.c.obj                   32      0         0      
       u_tofd_t2.asm.obj              32      0         0      
       copy_zero_init.c.obj           28      0         0      
       memccpy.c.obj                  28      0         0      
       s_copysign.c.obj               26      0         0      
       strcmp.c.obj                   24      0         0      
       strchr.c.obj                   22      0         0      
       strcpy.c.obj                   20      0         0      
       strlen.c.obj                   20      0         0      
       wcslen.c.obj                   18      0         0      
       copy_decompress_none.c.obj     14      0         0      
       errno.c.obj                    8       0         4      
       _lock.c.obj                    2       0         8      
       pre_init.c.obj                 4       0         0      
       div0.asm.obj                   2       0         0      
    +--+------------------------------+-------+---------+---------+
       Total:                         10863   257       944    
                                                               
       Heap:                          0       0         16     
       Stack:                         0       0         512    
       Linker Generated:              0       145       0      
    +--+------------------------------+-------+---------+---------+
       Grand Total:                   11619   1022      1500   


LINKER GENERATED COPY TABLES

__TI_cinit_table @ 00003168 records: 2, size/record: 8, table size: 16
	.data: load addr=000030e0, load size=0000006d bytes, run addr=20000000, run size=00000204 bytes, compression=lzss
	.bss: load addr=00003160, load size=00000008 bytes, run addr=20000408, run size=000001c8 bytes, compression=zero_init


LINKER GENERATED HANDLER TABLE

__TI_handler_table @ 00003150 records: 3, size/record: 4, table size: 12
	index: 0, handler: __TI_decompress_lzss
	index: 1, handler: __TI_decompress_none
	index: 2, handler: __TI_zero_init


GLOBAL SYMBOLS: SORTED ALPHABETICALLY BY Name 

address   name                           
-------   ----                           
00002fd9  C$$EXIT                        
00002cab  C$$IO$$                        
00002b2d  HOSTclose                      
00002539  HOSTlseek                      
0000279d  HOSTopen                       
00002859  HOSTread                       
000024cd  HOSTrename                     
00002b71  HOSTunlink                     
000028b1  HOSTwrite                      
200001c4  PreScalar1                     
200001c8  PreScalar2                     
00002fb1  ResetISR                       
00000df1  TIMER0A_Handler                
20000408  __CIOBUF_                      
20000408  __STACK_END                    
00000200  __STACK_SIZE                   
20000408  __STACK_TOP                    
00000010  __SYSMEM_SIZE                  
00003168  __TI_CINIT_Base                
00003178  __TI_CINIT_Limit               
00003150  __TI_Handler_Table_Base        
0000315c  __TI_Handler_Table_Limit       
00002bb5  __TI_auto_init_nobinit_nopinit 
00002ced  __TI_cleanup                   
200001e4  __TI_cleanup_ptr               
0000230d  __TI_closefile                 
000025a1  __TI_decompress_lzss           
00002fa3  __TI_decompress_none           
00002a05  __TI_doflush                   
200001e8  __TI_dtors_ptr                 
200001ec  __TI_enable_exit_profile_output
200001d4  __TI_ft_end                    
0000295f  __TI_ltoa                      
ffffffff  __TI_pprof_out_hndl            
0000026d  __TI_printfi                   
ffffffff  __TI_prof_data_size            
ffffffff  __TI_prof_data_start           
00002d21  __TI_readmsg                   
00000000  __TI_static_base__             
20000528  __TI_tmpnams                   
00002c7d  __TI_writemsg                  
00002739  __TI_wrt_ok                    
00002ecd  __TI_zero_init_nomemset        
00002185  __aeabi_cdcmpeq                
00002185  __aeabi_cdcmple                
0000220b  __aeabi_cdrcmple               
0000245f  __aeabi_d2f                    
00002ae5  __aeabi_d2iz                   
000013ef  __aeabi_dadd                   
000016d9  __aeabi_ddiv                   
00001c59  __aeabi_dmul                   
000013e5  __aeabi_dsub                   
00002fbd  __aeabi_errno_addr             
00002db9  __aeabi_i2d                    
0000159b  __aeabi_idiv0                  
0000159b  __aeabi_ldiv0                  
00002291  __aeabi_memclr                 
00002291  __aeabi_memclr4                
00002291  __aeabi_memclr8                
00001fc7  __aeabi_memcpy                 
00001fc7  __aeabi_memcpy4                
00001fc7  __aeabi_memcpy8                
00002293  __aeabi_memset                 
00002293  __aeabi_memset4                
00002293  __aeabi_memset8                
200001e0  __aeabi_stderr                 
200001d8  __aeabi_stdin                  
200001dc  __aeabi_stdout                 
00002ead  __aeabi_ui2d                   
00002063  __aeabi_uldivmod               
ffffffff  __binit__                      
ffffffff  __c_args__                     
UNDEFED   __mpu_init                     
20000208  __stack                        
20000000  __start___llvm_prf_cnts        
20000000  __stop___llvm_prf_cnts         
00002d55  _c_int00_noargs                
00002fdc  _ctypes_                       
200000f0  _device                        
20000000  _ftable                        
200001f0  _lock                          
00000cbb  _nop                           
20000168  _stream                        
200005d0  _sys_memory                    
UNDEFED   _system_post_cinit             
00002fd5  _system_pre_init               
200001f4  _unlock                        
00002fd9  abort                          
00001b59  aligned_alloc                  
00002a51  atoi                           
ffffffff  binit                          
200001b8  clockTime                      
000027fd  close                          
00002f21  copysign                       
00002f21  copysignl                      
200001d0  distance                       
20000200  errno                          
00002a9d  exit                           
200001c0  fallingEdge                    
00002d89  finddevice                     
000020f9  fputc                          
00001935  fputs                          
00001d55  free                           
00002671  frexp                          
00002671  frexpl                         
000026d5  fseek                          
00000000  g_pfnVectors                   
00000ebd  getDistance                    
00002bf9  getdevice                      
00001a49  ldexp                          
00001a49  ldexpl                         
00002e3d  lseek                          
00000cbd  main                           
00002fc5  malloc                         
00000e73  measurePulseWidth              
00001b59  memalign                       
00002f05  memccpy                        
00002e8d  memchr                         
00001fc7  memcpy                         
00002299  memset                         
200005c8  parmbuf                        
200001cc  period                         
00002609  printf                         
000020f9  putc                           
00002de9  remove                         
200001bc  risingEdge                     
00001a49  scalbn                         
00001a49  scalbnl                        
00001e39  setvbuf                        
00002f53  strchr                         
00002f3b  strcmp                         
00002f69  strcpy                         
00002f7d  strlen                         
00002cb5  strncpy                        
00002de9  unlink                         
00002f91  wcslen                         
00002e65  write                          


GLOBAL SYMBOLS: SORTED BY Symbol Address 

address   name                           
-------   ----                           
00000000  __TI_static_base__             
00000000  g_pfnVectors                   
00000010  __SYSMEM_SIZE                  
00000200  __STACK_SIZE                   
0000026d  __TI_printfi                   
00000cbb  _nop                           
00000cbd  main                           
00000df1  TIMER0A_Handler                
00000e73  measurePulseWidth              
00000ebd  getDistance                    
000013e5  __aeabi_dsub                   
000013ef  __aeabi_dadd                   
0000159b  __aeabi_idiv0                  
0000159b  __aeabi_ldiv0                  
000016d9  __aeabi_ddiv                   
00001935  fputs                          
00001a49  ldexp                          
00001a49  ldexpl                         
00001a49  scalbn                         
00001a49  scalbnl                        
00001b59  aligned_alloc                  
00001b59  memalign                       
00001c59  __aeabi_dmul                   
00001d55  free                           
00001e39  setvbuf                        
00001fc7  __aeabi_memcpy                 
00001fc7  __aeabi_memcpy4                
00001fc7  __aeabi_memcpy8                
00001fc7  memcpy                         
00002063  __aeabi_uldivmod               
000020f9  fputc                          
000020f9  putc                           
00002185  __aeabi_cdcmpeq                
00002185  __aeabi_cdcmple                
0000220b  __aeabi_cdrcmple               
00002291  __aeabi_memclr                 
00002291  __aeabi_memclr4                
00002291  __aeabi_memclr8                
00002293  __aeabi_memset                 
00002293  __aeabi_memset4                
00002293  __aeabi_memset8                
00002299  memset                         
0000230d  __TI_closefile                 
0000245f  __aeabi_d2f                    
000024cd  HOSTrename                     
00002539  HOSTlseek                      
000025a1  __TI_decompress_lzss           
00002609  printf                         
00002671  frexp                          
00002671  frexpl                         
000026d5  fseek                          
00002739  __TI_wrt_ok                    
0000279d  HOSTopen                       
000027fd  close                          
00002859  HOSTread                       
000028b1  HOSTwrite                      
0000295f  __TI_ltoa                      
00002a05  __TI_doflush                   
00002a51  atoi                           
00002a9d  exit                           
00002ae5  __aeabi_d2iz                   
00002b2d  HOSTclose                      
00002b71  HOSTunlink                     
00002bb5  __TI_auto_init_nobinit_nopinit 
00002bf9  getdevice                      
00002c7d  __TI_writemsg                  
00002cab  C$$IO$$                        
00002cb5  strncpy                        
00002ced  __TI_cleanup                   
00002d21  __TI_readmsg                   
00002d55  _c_int00_noargs                
00002d89  finddevice                     
00002db9  __aeabi_i2d                    
00002de9  remove                         
00002de9  unlink                         
00002e3d  lseek                          
00002e65  write                          
00002e8d  memchr                         
00002ead  __aeabi_ui2d                   
00002ecd  __TI_zero_init_nomemset        
00002f05  memccpy                        
00002f21  copysign                       
00002f21  copysignl                      
00002f3b  strcmp                         
00002f53  strchr                         
00002f69  strcpy                         
00002f7d  strlen                         
00002f91  wcslen                         
00002fa3  __TI_decompress_none           
00002fb1  ResetISR                       
00002fbd  __aeabi_errno_addr             
00002fc5  malloc                         
00002fd5  _system_pre_init               
00002fd9  C$$EXIT                        
00002fd9  abort                          
00002fdc  _ctypes_                       
00003150  __TI_Handler_Table_Base        
0000315c  __TI_Handler_Table_Limit       
00003168  __TI_CINIT_Base                
00003178  __TI_CINIT_Limit               
20000000  __start___llvm_prf_cnts        
20000000  __stop___llvm_prf_cnts         
20000000  _ftable                        
200000f0  _device                        
20000168  _stream                        
200001b8  clockTime                      
200001bc  risingEdge                     
200001c0  fallingEdge                    
200001c4  PreScalar1                     
200001c8  PreScalar2                     
200001cc  period                         
200001d0  distance                       
200001d4  __TI_ft_end                    
200001d8  __aeabi_stdin                  
200001dc  __aeabi_stdout                 
200001e0  __aeabi_stderr                 
200001e4  __TI_cleanup_ptr               
200001e8  __TI_dtors_ptr                 
200001ec  __TI_enable_exit_profile_output
200001f0  _lock                          
200001f4  _unlock                        
20000200  errno                          
20000208  __stack                        
20000408  __CIOBUF_                      
20000408  __STACK_END                    
20000408  __STACK_TOP                    
20000528  __TI_tmpnams                   
200005c8  parmbuf                        
200005d0  _sys_memory                    
ffffffff  __TI_pprof_out_hndl            
ffffffff  __TI_prof_data_size            
ffffffff  __TI_prof_data_start           
ffffffff  __binit__                      
ffffffff  __c_args__                     
ffffffff  binit                          
UNDEFED   __mpu_init                     
UNDEFED   _system_post_cinit             

[137 symbols]
