******************************************************************************
                  TI ARM Linker PC v20.2.7                     
******************************************************************************
>> Linked Tue Nov  5 19:25:30 2024

OUTPUT FILE NAME:   <EGEC_558B_Project.out>
ENTRY POINT SYMBOL: "_c_int00_noargs"  address: 00000891


MEMORY CONFIGURATION

         name            origin    length      used     unused   attr    fill
----------------------  --------  ---------  --------  --------  ----  --------
  FLASH                 00000000   00040000  00000952  0003f6ae  R  X
  SRAM                  20000000   00008000  00000220  00007de0  RW X


SEGMENT ALLOCATION MAP

run origin  load origin   length   init length attrs members
----------  ----------- ---------- ----------- ----- -------
00000000    00000000    00000958   00000958    r-x
  00000000    00000000    0000026c   0000026c    r-- .intvecs
  0000026c    0000026c    000006b6   000006b6    r-x .text
  00000928    00000928    00000030   00000030    r-- .cinit
20000000    20000000    00000220   00000000    rw-
  20000000    20000000    00000200   00000000    rw- .stack
  20000200    20000200    0000001c   00000000    rw- .data
  2000021c    2000021c    00000004   00000000    rw- .bss


SECTION ALLOCATION MAP

 output                                  attributes/
section   page    origin      length       input sections
--------  ----  ----------  ----------   ----------------
.intvecs   0    00000000    0000026c     
                  00000000    0000026c     tm4c123gh6pm_startup_ccs.obj (.intvecs)

.text      0    0000026c    000006b6     
                  0000026c    00000338     main.obj (.text)
                  000005a4    00000136     rtsv7M4_T_le_v4SPD16_eabi.lib : fd_div_t2.asm.obj (.text)
                  000006da    0000009c                                   : memcpy_t2.asm.obj (.text)
                  00000776    0000006e                                   : fd_tos_t2.asm.obj (.text)
                  000007e4    00000068                                   : copy_decompress_lzss.c.obj (.text:decompress:lzss:__TI_decompress_lzss)
                  0000084c    00000044                                   : autoinit.c.obj (.text:__TI_auto_init_nobinit_nopinit:__TI_auto_init_nobinit_nopinit)
                  00000890    00000034                                   : boot_cortex_m.c.obj (.text:_c_int00_noargs:_c_int00_noargs)
                  000008c4    00000020                                   : u_tofd_t2.asm.obj (.text)
                  000008e4    0000001c                                   : copy_zero_init.c.obj (.text:decompress:ZI:__TI_zero_init_nomemset:__TI_zero_init_nomemset)
                  00000900    0000000e                                   : copy_decompress_none.c.obj (.text:decompress:none:__TI_decompress_none)
                  0000090e    0000000c     tm4c123gh6pm_startup_ccs.obj (.text)
                  0000091a    00000004     rtsv7M4_T_le_v4SPD16_eabi.lib : pre_init.c.obj (.text:_system_pre_init)
                  0000091e    00000004                                   : exit.c.obj (.text:abort:abort)

.cinit     0    00000928    00000030     
                  00000928    0000000c     (.cinit..data.load) [load image, compression = lzss]
                  00000934    0000000c     (__TI_handler_table)
                  00000940    00000008     (.cinit..bss.load) [load image, compression = zero_init]
                  00000948    00000010     (__TI_cinit_table)

.init_array 
*          0    00000000    00000000     UNINITIALIZED

.data      0    20000200    0000001c     UNINITIALIZED
                  20000200    0000001c     main.obj (.data)

.bss       0    2000021c    00000004     UNINITIALIZED
                  2000021c    00000004     (.common:t1)

.stack     0    20000000    00000200     UNINITIALIZED
                  20000000    00000004     rtsv7M4_T_le_v4SPD16_eabi.lib : boot_cortex_m.c.obj (.stack)
                  20000004    000001fc     --HOLE--

__llvm_prf_cnts 
*          0    20000000    00000000     UNINITIALIZED

MODULE SUMMARY

       Module                         code   ro data   rw data
       ------                         ----   -------   -------
    .\
       main.obj                       824    0         32     
       tm4c123gh6pm_startup_ccs.obj   12     620       0      
    +--+------------------------------+------+---------+---------+
       Total:                         836    620       32     
                                                              
    C:\ti\ccs1280\ccs\tools\compiler\ti-cgt-arm_20.2.7.LTS\lib\rtsv7M4_T_le_v4SPD16_eabi.lib
       fd_div_t2.asm.obj              310    0         0      
       memcpy_t2.asm.obj              156    0         0      
       fd_tos_t2.asm.obj              110    0         0      
       copy_decompress_lzss.c.obj     104    0         0      
       autoinit.c.obj                 68     0         0      
       boot_cortex_m.c.obj            52     0         0      
       u_tofd_t2.asm.obj              32     0         0      
       copy_zero_init.c.obj           28     0         0      
       copy_decompress_none.c.obj     14     0         0      
       exit.c.obj                     4      0         0      
       pre_init.c.obj                 4      0         0      
    +--+------------------------------+------+---------+---------+
       Total:                         882    0         0      
                                                              
       Stack:                         0      0         512    
       Linker Generated:              0      48        0      
    +--+------------------------------+------+---------+---------+
       Grand Total:                   1718   668       544    


LINKER GENERATED COPY TABLES

__TI_cinit_table @ 00000948 records: 2, size/record: 8, table size: 16
	.data: load addr=00000928, load size=0000000c bytes, run addr=20000200, run size=0000001c bytes, compression=lzss
	.bss: load addr=00000940, load size=00000008 bytes, run addr=2000021c, run size=00000004 bytes, compression=zero_init


LINKER GENERATED HANDLER TABLE

__TI_handler_table @ 00000934 records: 3, size/record: 4, table size: 12
	index: 0, handler: __TI_decompress_lzss
	index: 1, handler: __TI_decompress_none
	index: 2, handler: __TI_zero_init


GLOBAL SYMBOLS: SORTED ALPHABETICALLY BY Name 

address   name                          
-------   ----                          
0000091f  C$$EXIT                       
000003a3  GPIOB_Handler                 
2000020c  PreScalar1                    
20000210  PreScalar2                    
0000090f  ResetISR                      
000003e3  TIMER0A_Handler               
000004f5  Timer1ACapture                
20000200  __STACK_END                   
00000200  __STACK_SIZE                  
20000200  __STACK_TOP                   
00000948  __TI_CINIT_Base               
00000958  __TI_CINIT_Limit              
00000934  __TI_Handler_Table_Base       
00000940  __TI_Handler_Table_Limit      
0000084d  __TI_auto_init_nobinit_nopinit
000007e5  __TI_decompress_lzss          
00000901  __TI_decompress_none          
ffffffff  __TI_pprof_out_hndl           
ffffffff  __TI_prof_data_size           
ffffffff  __TI_prof_data_start          
00000000  __TI_static_base__            
000008e5  __TI_zero_init_nomemset       
00000777  __aeabi_d2f                   
000005a5  __aeabi_ddiv                  
000006db  __aeabi_memcpy                
000006db  __aeabi_memcpy4               
000006db  __aeabi_memcpy8               
000008c5  __aeabi_ui2d                  
ffffffff  __binit__                     
ffffffff  __c_args__                    
UNDEFED   __mpu_init                    
20000000  __stack                       
20000000  __start___llvm_prf_cnts       
20000000  __stop___llvm_prf_cnts        
00000891  _c_int00_noargs               
UNDEFED   _system_post_cinit            
0000091b  _system_pre_init              
0000091f  abort                         
ffffffff  binit                         
20000200  clockTime                     
20000218  distance                      
20000208  fallingEdge                   
00000000  g_pfnVectors                  
000004b3  getDistance                   
0000026d  main                          
00000481  measurePulseWidth             
000006db  memcpy                        
20000214  period                        
20000204  risingEdge                    
2000021c  t1                            


GLOBAL SYMBOLS: SORTED BY Symbol Address 

address   name                          
-------   ----                          
00000000  __TI_static_base__            
00000000  g_pfnVectors                  
00000200  __STACK_SIZE                  
0000026d  main                          
000003a3  GPIOB_Handler                 
000003e3  TIMER0A_Handler               
00000481  measurePulseWidth             
000004b3  getDistance                   
000004f5  Timer1ACapture                
000005a5  __aeabi_ddiv                  
000006db  __aeabi_memcpy                
000006db  __aeabi_memcpy4               
000006db  __aeabi_memcpy8               
000006db  memcpy                        
00000777  __aeabi_d2f                   
000007e5  __TI_decompress_lzss          
0000084d  __TI_auto_init_nobinit_nopinit
00000891  _c_int00_noargs               
000008c5  __aeabi_ui2d                  
000008e5  __TI_zero_init_nomemset       
00000901  __TI_decompress_none          
0000090f  ResetISR                      
0000091b  _system_pre_init              
0000091f  C$$EXIT                       
0000091f  abort                         
00000934  __TI_Handler_Table_Base       
00000940  __TI_Handler_Table_Limit      
00000948  __TI_CINIT_Base               
00000958  __TI_CINIT_Limit              
20000000  __stack                       
20000000  __start___llvm_prf_cnts       
20000000  __stop___llvm_prf_cnts        
20000200  __STACK_END                   
20000200  __STACK_TOP                   
20000200  clockTime                     
20000204  risingEdge                    
20000208  fallingEdge                   
2000020c  PreScalar1                    
20000210  PreScalar2                    
20000214  period                        
20000218  distance                      
2000021c  t1                            
ffffffff  __TI_pprof_out_hndl           
ffffffff  __TI_prof_data_size           
ffffffff  __TI_prof_data_start          
ffffffff  __binit__                     
ffffffff  __c_args__                    
ffffffff  binit                         
UNDEFED   __mpu_init                    
UNDEFED   _system_post_cinit            

[50 symbols]
